Archive member included because of file (symbol)

c:/armtc/armgcc/bin/../lib/gcc/arm-none-eabi/4.9.3/../../../../arm-none-eabi/lib/armv7e-m\libg_nano.a(lib_a-abs.o)
                              ./src/LCD/lcd.o (abs)
c:/armtc/armgcc/bin/../lib/gcc/arm-none-eabi/4.9.3/../../../../arm-none-eabi/lib/armv7e-m\libg_nano.a(lib_a-errno.o)
                              ./system/src/newlib/_sbrk.o (__errno)
c:/armtc/armgcc/bin/../lib/gcc/arm-none-eabi/4.9.3/../../../../arm-none-eabi/lib/armv7e-m\libg_nano.a(lib_a-impure.o)
                              c:/armtc/armgcc/bin/../lib/gcc/arm-none-eabi/4.9.3/../../../../arm-none-eabi/lib/armv7e-m\libg_nano.a(lib_a-errno.o) (_impure_ptr)
c:/armtc/armgcc/bin/../lib/gcc/arm-none-eabi/4.9.3/../../../../arm-none-eabi/lib/armv7e-m\libg_nano.a(lib_a-rand.o)
                              ./src/main.o (rand)
c:/armtc/armgcc/bin/../lib/gcc/arm-none-eabi/4.9.3/../../../../arm-none-eabi/lib/armv7e-m\libg_nano.a(lib_a-sprintf.o)
                              ./src/commons.o (sprintf)
c:/armtc/armgcc/bin/../lib/gcc/arm-none-eabi/4.9.3/../../../../arm-none-eabi/lib/armv7e-m\libg_nano.a(lib_a-strlen.o)
                              ./system/src/diag/Trace.o (strlen)
c:/armtc/armgcc/bin/../lib/gcc/arm-none-eabi/4.9.3/../../../../arm-none-eabi/lib/armv7e-m\libg_nano.a(lib_a-vsnprintf.o)
                              ./system/src/diag/Trace.o (vsnprintf)
c:/armtc/armgcc/bin/../lib/gcc/arm-none-eabi/4.9.3/../../../../arm-none-eabi/lib/armv7e-m\libg_nano.a(lib_a-malloc.o)
                              c:/armtc/armgcc/bin/../lib/gcc/arm-none-eabi/4.9.3/../../../../arm-none-eabi/lib/armv7e-m\libg_nano.a(lib_a-rand.o) (malloc)
c:/armtc/armgcc/bin/../lib/gcc/arm-none-eabi/4.9.3/../../../../arm-none-eabi/lib/armv7e-m\libg_nano.a(lib_a-nano-freer.o)
                              c:/armtc/armgcc/bin/../lib/gcc/arm-none-eabi/4.9.3/../../../../arm-none-eabi/lib/armv7e-m\libg_nano.a(lib_a-malloc.o) (_free_r)
c:/armtc/armgcc/bin/../lib/gcc/arm-none-eabi/4.9.3/../../../../arm-none-eabi/lib/armv7e-m\libg_nano.a(lib_a-nano-mallocr.o)
                              c:/armtc/armgcc/bin/../lib/gcc/arm-none-eabi/4.9.3/../../../../arm-none-eabi/lib/armv7e-m\libg_nano.a(lib_a-malloc.o) (_malloc_r)
c:/armtc/armgcc/bin/../lib/gcc/arm-none-eabi/4.9.3/../../../../arm-none-eabi/lib/armv7e-m\libg_nano.a(lib_a-nano-svfprintf.o)
                              c:/armtc/armgcc/bin/../lib/gcc/arm-none-eabi/4.9.3/../../../../arm-none-eabi/lib/armv7e-m\libg_nano.a(lib_a-sprintf.o) (_svfprintf_r)
c:/armtc/armgcc/bin/../lib/gcc/arm-none-eabi/4.9.3/../../../../arm-none-eabi/lib/armv7e-m\libg_nano.a(lib_a-nano-vfprintf_i.o)
                              c:/armtc/armgcc/bin/../lib/gcc/arm-none-eabi/4.9.3/../../../../arm-none-eabi/lib/armv7e-m\libg_nano.a(lib_a-nano-svfprintf.o) (_printf_i)
c:/armtc/armgcc/bin/../lib/gcc/arm-none-eabi/4.9.3/../../../../arm-none-eabi/lib/armv7e-m\libg_nano.a(lib_a-sbrkr.o)
                              c:/armtc/armgcc/bin/../lib/gcc/arm-none-eabi/4.9.3/../../../../arm-none-eabi/lib/armv7e-m\libg_nano.a(lib_a-nano-mallocr.o) (_sbrk_r)
c:/armtc/armgcc/bin/../lib/gcc/arm-none-eabi/4.9.3/../../../../arm-none-eabi/lib/armv7e-m\libg_nano.a(lib_a-memchr.o)
                              c:/armtc/armgcc/bin/../lib/gcc/arm-none-eabi/4.9.3/../../../../arm-none-eabi/lib/armv7e-m\libg_nano.a(lib_a-nano-svfprintf.o) (memchr)
c:/armtc/armgcc/bin/../lib/gcc/arm-none-eabi/4.9.3/../../../../arm-none-eabi/lib/armv7e-m\libg_nano.a(lib_a-memcpy.o)
                              c:/armtc/armgcc/bin/../lib/gcc/arm-none-eabi/4.9.3/../../../../arm-none-eabi/lib/armv7e-m\libg_nano.a(lib_a-nano-svfprintf.o) (memcpy)
c:/armtc/armgcc/bin/../lib/gcc/arm-none-eabi/4.9.3/../../../../arm-none-eabi/lib/armv7e-m\libg_nano.a(lib_a-memmove.o)
                              c:/armtc/armgcc/bin/../lib/gcc/arm-none-eabi/4.9.3/../../../../arm-none-eabi/lib/armv7e-m\libg_nano.a(lib_a-nano-svfprintf.o) (memmove)
c:/armtc/armgcc/bin/../lib/gcc/arm-none-eabi/4.9.3/../../../../arm-none-eabi/lib/armv7e-m\libg_nano.a(lib_a-nano-reallocr.o)
                              c:/armtc/armgcc/bin/../lib/gcc/arm-none-eabi/4.9.3/../../../../arm-none-eabi/lib/armv7e-m\libg_nano.a(lib_a-nano-svfprintf.o) (_realloc_r)
c:/armtc/armgcc/bin/../lib/gcc/arm-none-eabi/4.9.3/../../../../arm-none-eabi/lib/armv7e-m\libg_nano.a(lib_a-nano-msizer.o)
                              c:/armtc/armgcc/bin/../lib/gcc/arm-none-eabi/4.9.3/../../../../arm-none-eabi/lib/armv7e-m\libg_nano.a(lib_a-nano-reallocr.o) (_malloc_usable_size_r)

Allocating common symbols
Common symbol       size              file

SysTickCount        0x4               ./src/commons.o
b                   0x1               ./src/LCD/lcd.o
p                   0x1               ./src/LCD/lcd.o
sConfig1            0x1c              ./src/BSP/lcdBSP.o
IOEX_InputReg       0x2               ./src/BSP/IOexp.o
IOEX_MaskReg        0x5               ./src/BSP/IOexp.o
[...]
Memory Configuration

Name             Origin             Length             Attributes
RAM              0x20000000         0x00020000         xrw
CCMRAM           0x10000000         0x00010000         xrw
FLASH            0x08000000         0x00100000         xr
FLASHB1          0x00000000         0x00000000         xr
EXTMEMB0         0x00000000         0x00000000         xr
EXTMEMB1         0x00000000         0x00000000         xr
EXTMEMB2         0x00000000         0x00000000         xr
EXTMEMB3         0x00000000         0x00000000         xr
MEMORY_ARRAY     0x20002000         0x00000020         xrw
*default*        0x00000000         0xffffffff

Linker script and memory map

LOAD ./system/src/stm32f4-hal/stm32f4xx_hal.o
LOAD ./system/src/stm32f4-hal/stm32f4xx_hal_cortex.o
LOAD ./system/src/stm32f4-hal/stm32f4xx_hal_flash.o
LOAD ./system/src/stm32f4-hal/stm32f4xx_hal_flash_ex.o
LOAD ./system/src/stm32f4-hal/stm32f4xx_hal_flash_ramfunc.o
LOAD ./system/src/stm32f4-hal/stm32f4xx_hal_gpio.o
LOAD ./system/src/stm32f4-hal/stm32f4xx_hal_iwdg.o
LOAD ./system/src/stm32f4-hal/stm32f4xx_hal_pcd_ex.o
LOAD ./system/src/stm32f4-hal/stm32f4xx_hal_pwr.o
LOAD ./system/src/stm32f4-hal/stm32f4xx_hal_pwr_ex.o
LOAD ./system/src/stm32f4-hal/stm32f4xx_hal_rcc.o
LOAD ./system/src/stm32f4-hal/stm32f4xx_hal_rcc_ex.o
LOAD ./system/src/stm32f4-hal/stm32f4xx_hal_spi.o
LOAD ./system/src/stm32f4-hal/stm32f4xx_hal_tim.o
LOAD ./system/src/stm32f4-hal/stm32f4xx_hal_uart.o
LOAD ./system/src/stm32f4-hal/stm32f4xx_hal_usart.o
LOAD ./system/src/newlib/_cxx.o
LOAD ./system/src/newlib/_exit.o
LOAD ./system/src/newlib/_sbrk.o
LOAD ./system/src/newlib/_startup.o
LOAD ./system/src/newlib/_syscalls.o
LOAD ./system/src/newlib/assert.o
LOAD ./system/src/diag/Trace.o
LOAD ./system/src/diag/trace_impl.o
LOAD ./system/src/cortexm/_initialize_hardware.o
LOAD ./system/src/cortexm/_reset_hardware.o
LOAD ./system/src/cortexm/exception_handlers.o
LOAD ./system/src/cmsis/system_stm32f4xx.o
LOAD ./system/src/cmsis/vectors_stm32f4xx.o
LOAD ./src/Peripherals/buzzer.o
LOAD ./src/Peripherals/timers.o
LOAD ./src/LCD/fonts.o
LOAD ./src/LCD/lcd.o
LOAD ./src/BSP/IOexp.o
LOAD ./src/BSP/lcdBSP.o
LOAD ./src/BSP/spi.o
LOAD ./src/BSP/uart.o
LOAD ./src/_initialize_hardware.o
LOAD ./src/_write.o
LOAD ./src/commons.o
LOAD ./src/main.o
LOAD c:/armtc/armgcc/bin/../lib/gcc/arm-none-eabi/4.9.3/../../../../arm-none-eabi/lib/armv7e-m\libstdc++_nano.a
LOAD c:/armtc/armgcc/bin/../lib/gcc/arm-none-eabi/4.9.3/../../../../arm-none-eabi/lib/armv7e-m\libm.a
START GROUP
LOAD c:/armtc/armgcc/bin/../lib/gcc/arm-none-eabi/4.9.3/armv7e-m\libgcc.a
LOAD c:/armtc/armgcc/bin/../lib/gcc/arm-none-eabi/4.9.3/../../../../arm-none-eabi/lib/armv7e-m\libg_nano.a
LOAD c:/armtc/armgcc/bin/../lib/gcc/arm-none-eabi/4.9.3/../../../../arm-none-eabi/lib/armv7e-m\libc_nano.a
END GROUP
START GROUP
LOAD c:/armtc/armgcc/bin/../lib/gcc/arm-none-eabi/4.9.3/armv7e-m\libgcc.a
LOAD c:/armtc/armgcc/bin/../lib/gcc/arm-none-eabi/4.9.3/../../../../arm-none-eabi/lib/armv7e-m\libc_nano.a
END GROUP
                0x20020000                __stack = (ORIGIN (RAM) + 0x20000)
                0x20020000                _estack = __stack
                0x00000400                __Main_Stack_Size = 0x400
                0x00000400                PROVIDE (_Main_Stack_Size, __Main_Stack_Size)
                0x2001fc00                __Main_Stack_Limit = (__stack - __Main_Stack_Size)
                0x2001fc00                PROVIDE (_Main_Stack_Limit, __Main_Stack_Limit)
                0x00000100                _Minimum_Stack_Size = 0x100
                0x2000061c                PROVIDE (_Heap_Begin, _end_noinit)
                0x2001fc00                PROVIDE (_Heap_Limit, (__stack - __Main_Stack_Size))

.isr_vector     0x08000000      0x3ec
 FILL mask 0xff
                0x08000000                __vectors_start__ = ABSOLUTE (.)
 *(.isr_vector)
 .isr_vector    0x08000000      0x188 ./system/src/cmsis/vectors_stm32f4xx.o
                0x08000000                __isr_vectors
 *(.cfmconfig)
 *(.after_vectors .after_vectors.*)
 .after_vectors
                0x08000188      0x130 ./system/src/newlib/_startup.o
                0x08000188                _start
 .after_vectors
                0x080002b8      0x130 ./system/src/cortexm/exception_handlers.o
                0x080002b8                Reset_Handler
                0x080002c0                NMI_Handler
                0x080002c4                HardFault_Handler
                0x080002d8                HardFault_Handler_C
                0x08000338                MemManage_Handler
                0x0800033c                BusFault_Handler
                0x08000350                BusFault_Handler_C
                0x08000384                UsageFault_Handler
                0x08000398                UsageFault_Handler_C
                0x080003cc                SVC_Handler
                0x080003d0                DebugMon_Handler
                0x080003d4                PendSV_Handler
 .after_vectors
                0x080003e8        0x4 ./system/src/cmsis/vectors_stm32f4xx.o
                0x080003e8                RTC_Alarm_IRQHandler
                0x080003e8                HASH_RNG_IRQHandler
                0x080003e8                EXTI2_IRQHandler
                0x080003e8                TIM8_CC_IRQHandler
                0x080003e8                TIM1_CC_IRQHandler
                0x080003e8                DMA2_Stream5_IRQHandler
                0x080003e8                DMA1_Stream5_IRQHandler
                0x080003e8                PVD_IRQHandler
                0x080003e8                SDIO_IRQHandler
                0x080003e8                TAMP_STAMP_IRQHandler
                0x080003e8                CAN2_RX1_IRQHandler
                0x080003e8                EXTI3_IRQHandler
                0x080003e8                TIM8_TRG_COM_TIM14_IRQHandler
                0x080003e8                TIM1_UP_TIM10_IRQHandler
                0x080003e8                TIM8_UP_TIM13_IRQHandler
                0x080003e8                I2C3_ER_IRQHandler
                0x080003e8                EXTI0_IRQHandler
                0x080003e8                I2C2_EV_IRQHandler
                0x080003e8                DMA1_Stream2_IRQHandler
                0x080003e8                CAN1_RX0_IRQHandler
                0x080003e8                FPU_IRQHandler
                0x080003e8                OTG_HS_WKUP_IRQHandler
                0x080003e8                CAN2_SCE_IRQHandler
                0x080003e8                DMA2_Stream2_IRQHandler
                0x080003e8                SPI1_IRQHandler
                0x080003e8                TIM6_DAC_IRQHandler
                0x080003e8                TIM1_BRK_TIM9_IRQHandler
                0x080003e8                DCMI_IRQHandler
                0x080003e8                CAN2_RX0_IRQHandler
                0x080003e8                DMA2_Stream3_IRQHandler
                0x080003e8                USART6_IRQHandler
                0x080003e8                USART3_IRQHandler
                0x080003e8                CAN1_RX1_IRQHandler
                0x080003e8                UART5_IRQHandler
                0x080003e8                DMA2_Stream0_IRQHandler
                0x080003e8                TIM4_IRQHandler
                0x080003e8                I2C1_EV_IRQHandler
                0x080003e8                DMA1_Stream6_IRQHandler
                0x080003e8                DMA1_Stream1_IRQHandler
                0x080003e8                UART4_IRQHandler
                0x080003e8                TIM3_IRQHandler
                0x080003e8                RCC_IRQHandler
                0x080003e8                TIM8_BRK_TIM12_IRQHandler
                0x080003e8                Default_Handler
                0x080003e8                EXTI15_10_IRQHandler
                0x080003e8                ADC_IRQHandler
                0x080003e8                DMA1_Stream7_IRQHandler
                0x080003e8                TIM7_IRQHandler
                0x080003e8                CAN2_TX_IRQHandler
                0x080003e8                TIM5_IRQHandler
                0x080003e8                DMA2_Stream7_IRQHandler
                0x080003e8                I2C3_EV_IRQHandler
                0x080003e8                EXTI9_5_IRQHandler
                0x080003e8                RTC_WKUP_IRQHandler
                0x080003e8                ETH_WKUP_IRQHandler
                0x080003e8                SPI2_IRQHandler
                0x080003e8                OTG_HS_EP1_IN_IRQHandler
                0x080003e8                DMA1_Stream0_IRQHandler
                0x080003e8                CAN1_TX_IRQHandler
                0x080003e8                EXTI4_IRQHandler
                0x080003e8                FSMC_IRQHandler
                0x080003e8                ETH_IRQHandler
                0x080003e8                OTG_HS_EP1_OUT_IRQHandler
                0x080003e8                WWDG_IRQHandler
                0x080003e8                TIM2_IRQHandler
                0x080003e8                OTG_FS_WKUP_IRQHandler
                0x080003e8                TIM1_TRG_COM_TIM11_IRQHandler
                0x080003e8                OTG_HS_IRQHandler
                0x080003e8                EXTI1_IRQHandler
                0x080003e8                USART2_IRQHandler
                0x080003e8                I2C2_ER_IRQHandler
                0x080003e8                DMA2_Stream1_IRQHandler
                0x080003e8                CAN1_SCE_IRQHandler
                0x080003e8                FLASH_IRQHandler
                0x080003e8                DMA2_Stream4_IRQHandler
                0x080003e8                USART1_IRQHandler
                0x080003e8                OTG_FS_IRQHandler
                0x080003e8                SPI3_IRQHandler
                0x080003e8                DMA1_Stream4_IRQHandler
                0x080003e8                I2C1_ER_IRQHandler
                0x080003e8                DMA2_Stream6_IRQHandler
                0x080003e8                DMA1_Stream3_IRQHandler

.inits          0x080003ec       0x28
                0x080003ec                __data_regions_array_start = .
                0x080003ec        0x4 LONG 0x80045a0 LOADADDR (.data)
                0x080003f0        0x4 LONG 0x20000000 ADDR (.data)
                0x080003f4        0x4 LONG 0x20000078 (ADDR (.data) + SIZEOF (.data))
                0x080003f8        0x4 LONG 0x80045a0 LOADADDR (.data_CCMRAM)
                0x080003fc        0x4 LONG 0x10000000 ADDR (.data_CCMRAM)
                0x08000400        0x4 LONG 0x10000000 (ADDR (.data_CCMRAM) + SIZEOF (.data_CCMRAM))
                0x08000404                __data_regions_array_end = .
                0x08000404                __bss_regions_array_start = .
                0x08000404        0x4 LONG 0x20000078 ADDR (.bss)
                0x08000408        0x4 LONG 0x2000061c (ADDR (.bss) + SIZEOF (.bss))
                0x0800040c        0x4 LONG 0x10000000 ADDR (.bss_CCMRAM)
                0x08000410        0x4 LONG 0x10000000 (ADDR (.bss_CCMRAM) + SIZEOF (.bss_CCMRAM))
                0x08000414                __bss_regions_array_end = .
 *(.init)
 *(.fini)
                0x08000414                . = ALIGN (0x4)
                0x08000414                PROVIDE (__preinit_array_start, .)
 *(.preinit_array_sysinit .preinit_array_sysinit.*)
 *(.preinit_array_platform .preinit_array_platform.*)
 *(.preinit_array .preinit_array.*)
                0x08000414                PROVIDE (__preinit_array_end, .)
                0x08000414                . = ALIGN (0x4)
                0x08000414                PROVIDE (__init_array_start, .)
 *(SORT(.init_array.*))
 *(.init_array)
                0x08000414                PROVIDE (__init_array_end, .)
                0x08000414                . = ALIGN (0x4)
                0x08000414                PROVIDE (__fini_array_start, .)
 *(SORT(.fini_array.*))
 *(.fini_array)
                0x08000414                PROVIDE (__fini_array_end, .)

.flashtext
 *(.flashtext .flashtext.*)

.text           0x08000414     0x4189
 *(.text .text.*)
 .text.HAL_MspInit
                0x08000414        0x4 ./system/src/stm32f4-hal/stm32f4xx_hal.o
                0x08000414                HAL_MspInit
 .text.HAL_InitTick
                0x08000418       0x28 ./system/src/stm32f4-hal/stm32f4xx_hal.o
                0x08000418                HAL_InitTick
 .text.HAL_Init
                0x08000440       0x34 ./system/src/stm32f4-hal/stm32f4xx_hal.o
                0x08000440                HAL_Init
 .text.HAL_GetTick
                0x08000474        0xc ./system/src/stm32f4-hal/stm32f4xx_hal.o
                0x08000474                HAL_GetTick
 .text.HAL_SuspendTick
                0x08000480       0x10 ./system/src/stm32f4-hal/stm32f4xx_hal.o
                0x08000480                HAL_SuspendTick
 .text.HAL_NVIC_SetPriorityGrouping
                0x08000490       0x3c ./system/src/stm32f4-hal/stm32f4xx_hal_cortex.o
                0x08000490                HAL_NVIC_SetPriorityGrouping
 .text.HAL_NVIC_SetPriority
                0x080004cc       0x84 ./system/src/stm32f4-hal/stm32f4xx_hal_cortex.o
                0x080004cc                HAL_NVIC_SetPriority
 .text.HAL_NVIC_EnableIRQ
                0x08000550       0x28 ./system/src/stm32f4-hal/stm32f4xx_hal_cortex.o
                0x08000550                HAL_NVIC_EnableIRQ
 .text.HAL_SYSTICK_Config
                0x08000578       0x2c ./system/src/stm32f4-hal/stm32f4xx_hal_cortex.o
                0x08000578                HAL_SYSTICK_Config
 .text.HAL_GPIO_Init
                0x080005a4      0x31c ./system/src/stm32f4-hal/stm32f4xx_hal_gpio.o
                0x080005a4                HAL_GPIO_Init
 .text.HAL_GPIO_WritePin
                0x080008c0       0x34 ./system/src/stm32f4-hal/stm32f4xx_hal_gpio.o
                0x080008c0                HAL_GPIO_WritePin
 .text.HAL_RCC_OscConfig
                0x080008f4      0x4b4 ./system/src/stm32f4-hal/stm32f4xx_hal_rcc.o
                0x080008f4                HAL_RCC_OscConfig
 .text.HAL_RCC_ClockConfig
                0x08000da8      0x32c ./system/src/stm32f4-hal/stm32f4xx_hal_rcc.o
                0x08000da8                HAL_RCC_ClockConfig
 .text.HAL_RCC_GetSysClockFreq
                0x080010d4       0x98 ./system/src/stm32f4-hal/stm32f4xx_hal_rcc.o
                0x080010d4                HAL_RCC_GetSysClockFreq
 .text.HAL_RCC_GetHCLKFreq
                0x0800116c       0x38 ./system/src/stm32f4-hal/stm32f4xx_hal_rcc.o
                0x0800116c                HAL_RCC_GetHCLKFreq
 .text.HAL_RCC_GetPCLK1Freq
                0x080011a4       0x30 ./system/src/stm32f4-hal/stm32f4xx_hal_rcc.o
                0x080011a4                HAL_RCC_GetPCLK1Freq
 .text.HAL_RCC_GetPCLK2Freq
                0x080011d4       0x30 ./system/src/stm32f4-hal/stm32f4xx_hal_rcc.o
                0x080011d4                HAL_RCC_GetPCLK2Freq
 .text.SPI_WaitOnFlagUntilTimeout
                0x08001204       0xe4 ./system/src/stm32f4-hal/stm32f4xx_hal_spi.o
 .text.HAL_SPI_MspInit
                0x080012e8        0x4 ./system/src/stm32f4-hal/stm32f4xx_hal_spi.o
                0x080012e8                HAL_SPI_MspInit
 .text.HAL_SPI_Init
                0x080012ec      0x168 ./system/src/stm32f4-hal/stm32f4xx_hal_spi.o
                0x080012ec                HAL_SPI_Init
 .text.HAL_SPI_Transmit
                0x08001454      0x1d0 ./system/src/stm32f4-hal/stm32f4xx_hal_spi.o
                0x08001454                HAL_SPI_Transmit
 .text.TIM_OC1_SetConfig
                0x08001624       0x64 ./system/src/stm32f4-hal/stm32f4xx_hal_tim.o
 .text.TIM_OC3_SetConfig
                0x08001688       0xb4 ./system/src/stm32f4-hal/stm32f4xx_hal_tim.o
 .text.TIM_OC4_SetConfig
                0x0800173c       0x7c ./system/src/stm32f4-hal/stm32f4xx_hal_tim.o
 .text.HAL_TIM_PWM_MspInit
                0x080017b8        0x4 ./system/src/stm32f4-hal/stm32f4xx_hal_tim.o
                0x080017b8                HAL_TIM_PWM_MspInit
 .text.TIM_Base_SetConfig
                0x080017bc      0x11c ./system/src/stm32f4-hal/stm32f4xx_hal_tim.o
                0x080017bc                TIM_Base_SetConfig
 .text.HAL_TIM_PWM_Init
                0x080018d8       0xf0 ./system/src/stm32f4-hal/stm32f4xx_hal_tim.o
                0x080018d8                HAL_TIM_PWM_Init
 .text.TIM_OC2_SetConfig
                0x080019c8       0xb8 ./system/src/stm32f4-hal/stm32f4xx_hal_tim.o
                0x080019c8                TIM_OC2_SetConfig
 .text.HAL_TIM_PWM_ConfigChannel
                0x08001a80      0x2ac ./system/src/stm32f4-hal/stm32f4xx_hal_tim.o
                0x08001a80                HAL_TIM_PWM_ConfigChannel
 .text.TIM_CCxChannelCmd
                0x08001d2c       0xa8 ./system/src/stm32f4-hal/stm32f4xx_hal_tim.o
                0x08001d2c                TIM_CCxChannelCmd
 .text.HAL_TIM_PWM_Start
                0x08001dd4       0xe0 ./system/src/stm32f4-hal/stm32f4xx_hal_tim.o
                0x08001dd4                HAL_TIM_PWM_Start
 .text.UART_SetConfig
                0x08001eb4      0x26c ./system/src/stm32f4-hal/stm32f4xx_hal_uart.o
 .text.UART_WaitOnFlagUntilTimeout
                0x08002120       0xd4 ./system/src/stm32f4-hal/stm32f4xx_hal_uart.o
 .text.HAL_UART_MspInit
                0x080021f4        0x4 ./system/src/stm32f4-hal/stm32f4xx_hal_uart.o
                0x080021f4                HAL_UART_MspInit
 .text.HAL_UART_Init
                0x080021f8      0x114 ./system/src/stm32f4-hal/stm32f4xx_hal_uart.o
                0x080021f8                HAL_UART_Init
 .text.HAL_UART_Transmit
                0x0800230c       0xec ./system/src/stm32f4-hal/stm32f4xx_hal_uart.o
                0x0800230c                HAL_UART_Transmit
 .text.HAL_UART_GetState
                0x080023f8        0x8 ./system/src/stm32f4-hal/stm32f4xx_hal_uart.o
                0x080023f8                HAL_UART_GetState
 .text._exit    0x08002400        0x4 ./system/src/newlib/_exit.o
                0x08002400                _exit
 .text.abort    0x08002404       0x14 ./system/src/newlib/_exit.o
                0x08002404                abort
 .text._sbrk    0x08002418       0x44 ./system/src/newlib/_sbrk.o
                0x08002418                _sbrk
 .text.__initialize_args
                0x0800245c       0x10 ./system/src/newlib/_syscalls.o
                0x0800245c                __initialize_args
 .text.assert_failed
                0x0800246c       0x18 ./system/src/newlib/assert.o
                0x0800246c                assert_failed
 .text.trace_printf
                0x08002484       0x34 ./system/src/diag/Trace.o
                0x08002484                trace_printf
 .text.trace_puts
                0x080024b8       0x20 ./system/src/diag/Trace.o
                0x080024b8                trace_puts
 .text._trace_write_semihosting_debug
                0x080024d8       0x64 ./system/src/diag/trace_impl.o
 .text.trace_write
                0x0800253c        0x8 ./system/src/diag/trace_impl.o
                0x0800253c                trace_write
 .text.__initialize_hardware_early
                0x08002544        0x8 ./system/src/cortexm/_initialize_hardware.o
                0x08002544                __initialize_hardware_early
 .text.dumpExceptionStack
                0x0800254c       0xf0 ./system/src/cortexm/exception_handlers.o
                0x0800254c                dumpExceptionStack
 .text.isSemihosting
                0x0800263c       0x20 ./system/src/cortexm/exception_handlers.o
                0x0800263c                isSemihosting
 .text.SystemInit
                0x0800265c       0x40 ./system/src/cmsis/system_stm32f4xx.o
                0x0800265c                SystemInit
 .text.drawPixel
                0x0800269c       0x54 ./src/LCD/lcd.o
                0x0800269c                drawPixel
 .text.clearScreen
                0x080026f0       0x40 ./src/LCD/lcd.o
                0x080026f0                clearScreen
 .text.drawChar
                0x08002730       0x80 ./src/LCD/lcd.o
                0x08002730                drawChar
 .text.drawText
                0x080027b0       0x60 ./src/LCD/lcd.o
                0x080027b0                drawText
 .text.InitializeLCD
                0x08002810       0x5c ./src/LCD/lcd.o
                0x08002810                InitializeLCD
 .text.LCDdrawFunction
                0x0800286c       0x78 ./src/LCD/lcd.o
                0x0800286c                LCDdrawFunction
 .text.LCDA0pin
                0x080028e4       0x14 ./src/BSP/lcdBSP.o
 .text.LCDchipSelect
                0x080028f8       0x14 ./src/BSP/lcdBSP.o
 .text.InitializeLCDpins
                0x0800290c      0x144 ./src/BSP/lcdBSP.o
                0x0800290c                InitializeLCDpins
 .text.LCDsendCommand
                0x08002a50       0x20 ./src/BSP/lcdBSP.o
                0x08002a50                LCDsendCommand
 .text.LCDsendData
                0x08002a70       0x20 ./src/BSP/lcdBSP.o
                0x08002a70                LCDsendData
 .text.InitializeSPI1
                0x08002a90       0x84 ./src/BSP/spi.o
                0x08002a90                InitializeSPI1
 .text.SPI1_WriteByte
                0x08002b14       0x20 ./src/BSP/spi.o
                0x08002b14                SPI1_WriteByte
 .text.InitializeUsart2
                0x08002b34       0xa0 ./src/BSP/uart.o
                0x08002b34                InitializeUsart2
 .text.UART2_SendByte
                0x08002bd4       0x20 ./src/BSP/uart.o
                0x08002bd4                UART2_SendByte
 .text.configure_system_clock
                0x08002bf4       0x68 ./src/_initialize_hardware.o
                0x08002bf4                configure_system_clock
 .text.__initialize_hardware
                0x08002c5c       0x14 ./src/_initialize_hardware.o
                0x08002c5c                __initialize_hardware
 .text.SysTick_Handler
                0x08002c70       0x24 ./src/commons.o
                0x08002c70                SysTick_Handler
 .text.Console  0x08002c94       0x84 ./src/commons.o
                0x08002c94                Console
 .text.main     0x08002d18       0xc4 ./src/main.o
                0x08002d18                main
 .text.__errno  0x08002ddc        0xc c:/armtc/armgcc/bin/../lib/gcc/arm-none-eabi/4.9.3/../../../../arm-none-eabi/lib/armv7e-m\libg_nano.a(lib_a-errno.o)
                0x08002ddc                __errno
 .text.rand     0x08002de8       0x74 c:/armtc/armgcc/bin/../lib/gcc/arm-none-eabi/4.9.3/../../../../arm-none-eabi/lib/armv7e-m\libg_nano.a(lib_a-rand.o)
                0x08002de8                rand
 .text.sprintf  0x08002e5c       0x48 c:/armtc/armgcc/bin/../lib/gcc/arm-none-eabi/4.9.3/../../../../arm-none-eabi/lib/armv7e-m\libg_nano.a(lib_a-sprintf.o)
                0x08002e5c                siprintf
                0x08002e5c                sprintf
 .text.strlen   0x08002ea4       0x10 c:/armtc/armgcc/bin/../lib/gcc/arm-none-eabi/4.9.3/../../../../arm-none-eabi/lib/armv7e-m\libg_nano.a(lib_a-strlen.o)
                0x08002ea4                strlen
 .text._vsnprintf_r
                0x08002eb4       0x52 c:/armtc/armgcc/bin/../lib/gcc/arm-none-eabi/4.9.3/../../../../arm-none-eabi/lib/armv7e-m\libg_nano.a(lib_a-vsnprintf.o)
                0x08002eb4                _vsniprintf_r
                0x08002eb4                _vsnprintf_r
 *fill*         0x08002f06        0x2 
 .text.vsnprintf
                0x08002f08       0x20 c:/armtc/armgcc/bin/../lib/gcc/arm-none-eabi/4.9.3/../../../../arm-none-eabi/lib/armv7e-m\libg_nano.a(lib_a-vsnprintf.o)
                0x08002f08                vsniprintf
                0x08002f08                vsnprintf
 .text.malloc   0x08002f28       0x10 c:/armtc/armgcc/bin/../lib/gcc/arm-none-eabi/4.9.3/../../../../arm-none-eabi/lib/armv7e-m\libg_nano.a(lib_a-malloc.o)
                0x08002f28                malloc
 .text._free_r  0x08002f38       0x88 c:/armtc/armgcc/bin/../lib/gcc/arm-none-eabi/4.9.3/../../../../arm-none-eabi/lib/armv7e-m\libg_nano.a(lib_a-nano-freer.o)
                0x08002f38                _free_r
 .text._malloc_r
                0x08002fc0       0xac c:/armtc/armgcc/bin/../lib/gcc/arm-none-eabi/4.9.3/../../../../arm-none-eabi/lib/armv7e-m\libg_nano.a(lib_a-nano-mallocr.o)
                0x08002fc0                _malloc_r
 .text.__ssputs_r
                0x0800306c       0xb2 c:/armtc/armgcc/bin/../lib/gcc/arm-none-eabi/4.9.3/../../../../arm-none-eabi/lib/armv7e-m\libg_nano.a(lib_a-nano-svfprintf.o)
                0x0800306c                __ssputs_r
 *fill*         0x0800311e        0x2 
 .text._svfprintf_r
                0x08003120      0x1e4 c:/armtc/armgcc/bin/../lib/gcc/arm-none-eabi/4.9.3/../../../../arm-none-eabi/lib/armv7e-m\libg_nano.a(lib_a-nano-svfprintf.o)
                0x08003120                _svfiprintf_r
                0x08003120                _svfprintf_r
 .text._printf_common
                0x08003304       0xea c:/armtc/armgcc/bin/../lib/gcc/arm-none-eabi/4.9.3/../../../../arm-none-eabi/lib/armv7e-m\libg_nano.a(lib_a-nano-vfprintf_i.o)
                0x08003304                _printf_common
 *fill*         0x080033ee        0x2 
 .text._printf_i
                0x080033f0      0x240 c:/armtc/armgcc/bin/../lib/gcc/arm-none-eabi/4.9.3/../../../../arm-none-eabi/lib/armv7e-m\libg_nano.a(lib_a-nano-vfprintf_i.o)
                0x080033f0                _printf_i
 .text._sbrk_r  0x08003630       0x20 c:/armtc/armgcc/bin/../lib/gcc/arm-none-eabi/4.9.3/../../../../arm-none-eabi/lib/armv7e-m\libg_nano.a(lib_a-sbrkr.o)
                0x08003630                _sbrk_r
 .text.memchr   0x08003650       0x1e c:/armtc/armgcc/bin/../lib/gcc/arm-none-eabi/4.9.3/../../../../arm-none-eabi/lib/armv7e-m\libg_nano.a(lib_a-memchr.o)
                0x08003650                memchr
 .text.memcpy   0x0800366e       0x16 c:/armtc/armgcc/bin/../lib/gcc/arm-none-eabi/4.9.3/../../../../arm-none-eabi/lib/armv7e-m\libg_nano.a(lib_a-memcpy.o)
                0x0800366e                memcpy
 .text.memmove  0x08003684       0x36 c:/armtc/armgcc/bin/../lib/gcc/arm-none-eabi/4.9.3/../../../../arm-none-eabi/lib/armv7e-m\libg_nano.a(lib_a-memmove.o)
                0x08003684                memmove
 .text._realloc_r
                0x080036ba       0x4c c:/armtc/armgcc/bin/../lib/gcc/arm-none-eabi/4.9.3/../../../../arm-none-eabi/lib/armv7e-m\libg_nano.a(lib_a-nano-reallocr.o)
                0x080036ba                _realloc_r
 .text._malloc_usable_size_r
                0x08003706       0x14 c:/armtc/armgcc/bin/../lib/gcc/arm-none-eabi/4.9.3/../../../../arm-none-eabi/lib/armv7e-m\libg_nano.a(lib_a-nano-msizer.o)
                0x08003706                _malloc_usable_size_r
 *(.rodata .rodata.* .constdata .constdata.*)
 *fill*         0x0800371a        0x2 
 .rodata.str1.4
                0x0800371c       0x31 ./system/src/stm32f4-hal/stm32f4xx_hal_cortex.o
                                 0x34 (size before relaxing)
 *fill*         0x0800374d        0x3 
 .rodata.str1.4
                0x08003750       0x2f ./system/src/stm32f4-hal/stm32f4xx_hal_gpio.o
                                 0x30 (size before relaxing)
 *fill*         0x0800377f        0x1 
 .rodata.APBAHBPrescTable
                0x08003780       0x10 ./system/src/stm32f4-hal/stm32f4xx_hal_rcc.o
                0x08003780                APBAHBPrescTable
 .rodata.str1.4
                0x08003790       0x2e ./system/src/stm32f4-hal/stm32f4xx_hal_rcc.o
                                 0x30 (size before relaxing)
 *fill*         0x080037be        0x2 
 .rodata.str1.4
                0x080037c0       0x2e ./system/src/stm32f4-hal/stm32f4xx_hal_spi.o
                                 0x30 (size before relaxing)
 *fill*         0x080037ee        0x2 
 .rodata.str1.4
                0x080037f0       0x2e ./system/src/stm32f4-hal/stm32f4xx_hal_tim.o
                                 0x30 (size before relaxing)
 *fill*         0x0800381e        0x2 
 .rodata.str1.4
                0x08003820       0x2f ./system/src/stm32f4-hal/stm32f4xx_hal_uart.o
                                 0x30 (size before relaxing)
 *fill*         0x0800384f        0x1 
 .rodata.str1.4
                0x08003850       0x14 ./system/src/newlib/_exit.o
 .rodata.str1.4
                0x08003864       0x6b ./system/src/newlib/assert.o
                                 0x70 (size before relaxing)
 *fill*         0x080038cf        0x1 
 .rodata.str1.4
                0x080038d0       0x29 ./system/src/diag/Trace.o
                                 0x30 (size before relaxing)
 *fill*         0x080038f9        0x3 
 .rodata.str1.4
                0x080038fc      0x146 ./system/src/cortexm/exception_handlers.o
                                0x148 (size before relaxing)
 *fill*         0x08003a42        0x2 
 .rodata.Font14
                0x08003a44       0x10 ./src/LCD/fonts.o
                0x08003a44                Font14
 .rodata.Font14Descriptors
                0x08003a54      0x500 ./src/LCD/fonts.o
                0x08003a54                Font14Descriptors
 .rodata.Font14Bitmap
                0x08003f54      0x52c ./src/LCD/fonts.o
                0x08003f54                Font14Bitmap
 .rodata.str1.4
                0x08004480       0x65 ./src/BSP/lcdBSP.o
                                 0x68 (size before relaxing)
 *fill*         0x080044e5        0x3 
 .rodata.str1.4
                0x080044e8       0x1d ./src/BSP/spi.o
                                 0x20 (size before relaxing)
 *fill*         0x08004505        0x3 
 .rodata.str1.4
                0x08004508       0x21 ./src/BSP/uart.o
                                 0x24 (size before relaxing)
 *fill*         0x08004529        0x3 
 .rodata.str1.4
                0x0800452c        0x3 ./src/commons.o
                                  0x4 (size before relaxing)
 *fill*         0x0800452f        0x1 
 .rodata.str1.4
                0x08004530       0x38 ./src/main.o
 .rodata.str1.1
                0x08004568        0x2 c:/armtc/armgcc/bin/../lib/gcc/arm-none-eabi/4.9.3/../../../../arm-none-eabi/lib/armv7e-m\libg_nano.a(lib_a-impure.o)
 .rodata.str1.1
                0x0800456a       0x11 c:/armtc/armgcc/bin/../lib/gcc/arm-none-eabi/4.9.3/../../../../arm-none-eabi/lib/armv7e-m\libg_nano.a(lib_a-nano-svfprintf.o)
 .rodata.str1.1
                0x0800457b       0x22 c:/armtc/armgcc/bin/../lib/gcc/arm-none-eabi/4.9.3/../../../../arm-none-eabi/lib/armv7e-m\libg_nano.a(lib_a-nano-vfprintf_i.o)
 *(vtable)
 *(.eh_frame*)
 *(.glue_7)
 .glue_7        0x00000000        0x0 linker stubs
 *(.glue_7t)
 .glue_7t       0x00000000        0x0 linker stubs

.vfp11_veneer   0x080045a0        0x0
 .vfp11_veneer  0x00000000        0x0 linker stubs

.v4_bx          0x080045a0        0x0
 .v4_bx         0x00000000        0x0 linker stubs

.iplt           0x080045a0        0x0
 .iplt          0x00000000        0x0 ./system/src/stm32f4-hal/stm32f4xx_hal.o

.rel.dyn        0x080045a0        0x0
 .rel.iplt      0x00000000        0x0 ./system/src/stm32f4-hal/stm32f4xx_hal.o

.ARM.extab
 *(.ARM.extab* .gnu.linkonce.armextab.*)
                0x080045a0                . = ALIGN (0x4)
                0x080045a0                __exidx_start = .

.ARM.exidx
 *(.ARM.exidx* .gnu.linkonce.armexidx.*)
                0x080045a0                __exidx_end = .
                0x080045a0                . = ALIGN (0x4)
                0x080045a0                _etext = .
                0x080045a0                __etext = .

.data_CCMRAM    0x10000000        0x0 load address 0x080045a0
 FILL mask 0xff
 *(.data.CCMRAM .data.CCMRAM.*)
                0x10000000                . = ALIGN (0x4)
                0x080045a0                _sidata = LOADADDR (.data)

.data           0x20000000       0x78 load address 0x080045a0
 FILL mask 0xff
                0x20000000                _sdata = .
                0x20000000                __data_start__ = .
 *(.data_begin .data_begin.*)
 .data_begin    0x20000000        0x4 ./system/src/newlib/_startup.o
 *(.data .data.*)
 .data.argv.4062
                0x20000004        0x8 ./system/src/newlib/_syscalls.o
 .data.SystemCoreClock
                0x2000000c        0x4 ./system/src/cmsis/system_stm32f4xx.o
                0x2000000c                SystemCoreClock
 .data.impure_data
                0x20000010       0x60 c:/armtc/armgcc/bin/../lib/gcc/arm-none-eabi/4.9.3/../../../../arm-none-eabi/lib/armv7e-m\libg_nano.a(lib_a-impure.o)
 .data._impure_ptr
                0x20000070        0x4 c:/armtc/armgcc/bin/../lib/gcc/arm-none-eabi/4.9.3/../../../../arm-none-eabi/lib/armv7e-m\libg_nano.a(lib_a-impure.o)
                0x20000070                _impure_ptr
 *(.data_end .data_end.*)
 .data_end      0x20000074        0x4 ./system/src/newlib/_startup.o
                0x20000078                . = ALIGN (0x4)
                0x20000078                _edata = .
                0x20000078                __data_end__ = .

.igot.plt       0x20000078        0x0 load address 0x08004618
 .igot.plt      0x00000000        0x0 ./system/src/stm32f4-hal/stm32f4xx_hal.o

.bss_CCMRAM     0x10000000        0x0
 *(.bss.CCMRAM .bss.CCMRAM.*)

.bss            0x20000078      0x5a4
                0x20000078                __bss_start__ = .
                0x20000078                _sbss = .
 *(.bss_begin .bss_begin.*)
 .bss_begin     0x20000078        0x4 ./system/src/newlib/_startup.o
 *(.bss .bss.*)
 .bss.uwTick    0x2000007c        0x4 ./system/src/stm32f4-hal/stm32f4xx_hal.o
 .bss.current_heap_end.3856
                0x20000080        0x4 ./system/src/newlib/_sbrk.o
 .bss.name.4061
                0x20000084        0x4 ./system/src/newlib/_syscalls.o
 .bss.buf.4992  0x20000088       0x80 ./system/src/diag/Trace.o
 .bss.DelayTick
                0x20000108        0x2 ./src/commons.o
 *fill*         0x2000010a        0x2 
 .bss.__malloc_sbrk_start
                0x2000010c        0x4 c:/armtc/armgcc/bin/../lib/gcc/arm-none-eabi/4.9.3/../../../../arm-none-eabi/lib/armv7e-m\libg_nano.a(lib_a-nano-mallocr.o)
                0x2000010c                __malloc_sbrk_start
 .bss.__malloc_free_list
                0x20000110        0x4 c:/armtc/armgcc/bin/../lib/gcc/arm-none-eabi/4.9.3/../../../../arm-none-eabi/lib/armv7e-m\libg_nano.a(lib_a-nano-mallocr.o)
                0x20000110                __malloc_free_list
 *(COMMON)
 COMMON         0x20000114        0x4 ./system/src/newlib/_syscalls.o
                0x20000114                errno
 COMMON         0x20000118      0x40c ./src/LCD/lcd.o
                0x20000118                b
                0x20000119                p
                0x2000011c                dataBuffer
                0x2000051c                dirtyPages
 COMMON         0x20000524       0x58 ./src/BSP/lcdBSP.o
                0x20000524                sConfig1
                0x20000540                htim1
 COMMON         0x2000057c       0x58 ./src/BSP/spi.o
                0x2000057c                hspi1
 COMMON         0x200005d4       0x40 ./src/BSP/uart.o
                0x200005d4                huart2
 COMMON         0x20000614        0x4 ./src/commons.o
                0x20000614                SysTickCount
 *(.bss_end .bss_end.*)
 .bss_end       0x20000618        0x4 ./system/src/newlib/_startup.o
                0x2000061c                . = ALIGN (0x4)
                0x2000061c                __bss_end__ = .
                0x2000061c                _ebss = .

.noinit_CCMRAM
 *(.noinit.CCMRAM .noinit.CCMRAM.*)

.noinit         0x2000061c        0x0
                0x2000061c                _noinit = .
 *(.noinit .noinit.*)
                0x2000061c                . = ALIGN (0x4)
                0x2000061c                _end_noinit = .
                0x2000061c                PROVIDE (end, _end_noinit)
                0x2000061c                PROVIDE (_end, _end_noinit)
                0x2000061c                PROVIDE (__end, _end_noinit)
                0x2000061c                PROVIDE (__end__, _end_noinit)

._check_stack   0x2000061c      0x100
                0x2000071c                . = (. + _Minimum_Stack_Size)
 *fill*         0x2000061c      0x100 

.b1text
 *(.b1text)
 *(.b1rodata)
 *(.b1rodata.*)

.eb0text
 *(.eb0text)
 *(.eb0rodata)
 *(.eb0rodata.*)

.eb1text
 *(.eb1text)
 *(.eb1rodata)
 *(.eb1rodata.*)

.eb2text
 *(.eb2text)
 *(.eb2rodata)
 *(.eb2rodata.*)

.eb3text
 *(.eb3text)
 *(.eb3rodata)
 *(.eb3rodata.*)

.stab
 *(.stab)

.stabstr
 *(.stabstr)

.stab.excl
 *(.stab.excl)

.stab.exclstr
 *(.stab.exclstr)

.stab.index
 *(.stab.index)

.stab.indexstr
 *(.stab.indexstr)

.comment        0x00000000       0x70
 *(.comment)
 .comment       0x00000000       0x70 ./system/src/stm32f4-hal/stm32f4xx_hal.o
                                 0x71 (size before relaxing)
 .comment       0x00000000       0x71 ./system/src/stm32f4-hal/stm32f4xx_hal_cortex.o
 .comment       0x00000000       0x71 ./system/src/stm32f4-hal/stm32f4xx_hal_gpio.o
 .comment       0x00000000       0x71 ./system/src/stm32f4-hal/stm32f4xx_hal_rcc.o
 .comment       0x00000000       0x71 ./system/src/stm32f4-hal/stm32f4xx_hal_spi.o
 .comment       0x00000000       0x71 ./system/src/stm32f4-hal/stm32f4xx_hal_tim.o
 .comment       0x00000000       0x71 ./system/src/stm32f4-hal/stm32f4xx_hal_uart.o
 .comment       0x00000000       0x71 ./system/src/newlib/_exit.o
 .comment       0x00000000       0x71 ./system/src/newlib/_sbrk.o
 .comment       0x00000000       0x71 ./system/src/newlib/_startup.o
 .comment       0x00000000       0x71 ./system/src/newlib/_syscalls.o
 .comment       0x00000000       0x71 ./system/src/newlib/assert.o
 .comment       0x00000000       0x71 ./system/src/diag/Trace.o
 .comment       0x00000000       0x71 ./system/src/diag/trace_impl.o
 .comment       0x00000000       0x71 ./system/src/cortexm/_initialize_hardware.o
 .comment       0x00000000       0x71 ./system/src/cortexm/exception_handlers.o
 .comment       0x00000000       0x71 ./system/src/cmsis/system_stm32f4xx.o
 .comment       0x00000000       0x71 ./system/src/cmsis/vectors_stm32f4xx.o
 .comment       0x00000000       0x71 ./src/LCD/fonts.o
 .comment       0x00000000       0x71 ./src/LCD/lcd.o
 .comment       0x00000000       0x71 ./src/BSP/lcdBSP.o
 .comment       0x00000000       0x71 ./src/BSP/spi.o
 .comment       0x00000000       0x71 ./src/BSP/uart.o
 .comment       0x00000000       0x71 ./src/_initialize_hardware.o
 .comment       0x00000000       0x71 ./src/commons.o
 .comment       0x00000000       0x71 ./src/main.o

.ARM.attributes
                0x00000000       0x33
 .ARM.attributes
                0x00000000       0x33 ./system/src/stm32f4-hal/stm32f4xx_hal.o
 .ARM.attributes
                0x00000033       0x33 ./system/src/stm32f4-hal/stm32f4xx_hal_cortex.o
 .ARM.attributes
                0x00000066       0x33 ./system/src/stm32f4-hal/stm32f4xx_hal_gpio.o
 .ARM.attributes
                0x00000099       0x33 ./system/src/stm32f4-hal/stm32f4xx_hal_rcc.o
 .ARM.attributes
                0x000000cc       0x33 ./system/src/stm32f4-hal/stm32f4xx_hal_spi.o
 .ARM.attributes
                0x000000ff       0x33 ./system/src/stm32f4-hal/stm32f4xx_hal_tim.o
 .ARM.attributes
                0x00000132       0x33 ./system/src/stm32f4-hal/stm32f4xx_hal_uart.o
 .ARM.attributes
                0x00000165       0x33 ./system/src/newlib/_exit.o
 .ARM.attributes
                0x00000198       0x33 ./system/src/newlib/_sbrk.o
 .ARM.attributes
                0x000001cb       0x33 ./system/src/newlib/_startup.o
 .ARM.attributes
                0x000001fe       0x33 ./system/src/newlib/_syscalls.o
 .ARM.attributes
                0x00000231       0x33 ./system/src/newlib/assert.o
 .ARM.attributes
                0x00000264       0x33 ./system/src/diag/Trace.o
 .ARM.attributes
                0x00000297       0x33 ./system/src/diag/trace_impl.o
 .ARM.attributes
                0x000002ca       0x33 ./system/src/cortexm/_initialize_hardware.o
 .ARM.attributes
                0x000002fd       0x33 ./system/src/cortexm/exception_handlers.o
 .ARM.attributes
                0x00000330       0x33 ./system/src/cmsis/system_stm32f4xx.o
 .ARM.attributes
                0x00000363       0x33 ./system/src/cmsis/vectors_stm32f4xx.o
 .ARM.attributes
                0x00000396       0x33 ./src/LCD/fonts.o
 .ARM.attributes
                0x000003c9       0x33 ./src/LCD/lcd.o
 .ARM.attributes
                0x000003fc       0x33 ./src/BSP/lcdBSP.o
 .ARM.attributes
                0x0000042f       0x33 ./src/BSP/spi.o
 .ARM.attributes
                0x00000462       0x33 ./src/BSP/uart.o
 .ARM.attributes
                0x00000495       0x33 ./src/_initialize_hardware.o
 .ARM.attributes
                0x000004c8       0x33 ./src/commons.o
 .ARM.attributes
                0x000004fb       0x33 ./src/main.o
 .ARM.attributes
                0x0000052e       0x2e c:/armtc/armgcc/bin/../lib/gcc/arm-none-eabi/4.9.3/../../../../arm-none-eabi/lib/armv7e-m\libg_nano.a(lib_a-errno.o)
 .ARM.attributes
                0x0000055c       0x2e c:/armtc/armgcc/bin/../lib/gcc/arm-none-eabi/4.9.3/../../../../arm-none-eabi/lib/armv7e-m\libg_nano.a(lib_a-impure.o)
 .ARM.attributes
                0x0000058a       0x2e c:/armtc/armgcc/bin/../lib/gcc/arm-none-eabi/4.9.3/../../../../arm-none-eabi/lib/armv7e-m\libg_nano.a(lib_a-rand.o)
 .ARM.attributes
                0x000005b8       0x2e c:/armtc/armgcc/bin/../lib/gcc/arm-none-eabi/4.9.3/../../../../arm-none-eabi/lib/armv7e-m\libg_nano.a(lib_a-sprintf.o)
 .ARM.attributes
                0x000005e6       0x2e c:/armtc/armgcc/bin/../lib/gcc/arm-none-eabi/4.9.3/../../../../arm-none-eabi/lib/armv7e-m\libg_nano.a(lib_a-strlen.o)
 .ARM.attributes
                0x00000614       0x2e c:/armtc/armgcc/bin/../lib/gcc/arm-none-eabi/4.9.3/../../../../arm-none-eabi/lib/armv7e-m\libg_nano.a(lib_a-vsnprintf.o)
 .ARM.attributes
                0x00000642       0x2e c:/armtc/armgcc/bin/../lib/gcc/arm-none-eabi/4.9.3/../../../../arm-none-eabi/lib/armv7e-m\libg_nano.a(lib_a-malloc.o)
 .ARM.attributes
                0x00000670       0x2e c:/armtc/armgcc/bin/../lib/gcc/arm-none-eabi/4.9.3/../../../../arm-none-eabi/lib/armv7e-m\libg_nano.a(lib_a-nano-freer.o)
 .ARM.attributes
                0x0000069e       0x2e c:/armtc/armgcc/bin/../lib/gcc/arm-none-eabi/4.9.3/../../../../arm-none-eabi/lib/armv7e-m\libg_nano.a(lib_a-nano-mallocr.o)
 .ARM.attributes
                0x000006cc       0x2e c:/armtc/armgcc/bin/../lib/gcc/arm-none-eabi/4.9.3/../../../../arm-none-eabi/lib/armv7e-m\libg_nano.a(lib_a-nano-svfprintf.o)
 .ARM.attributes
                0x000006fa       0x2e c:/armtc/armgcc/bin/../lib/gcc/arm-none-eabi/4.9.3/../../../../arm-none-eabi/lib/armv7e-m\libg_nano.a(lib_a-nano-vfprintf_i.o)
 .ARM.attributes
                0x00000728       0x2e c:/armtc/armgcc/bin/../lib/gcc/arm-none-eabi/4.9.3/../../../../arm-none-eabi/lib/armv7e-m\libg_nano.a(lib_a-sbrkr.o)
 .ARM.attributes
                0x00000756       0x2e c:/armtc/armgcc/bin/../lib/gcc/arm-none-eabi/4.9.3/../../../../arm-none-eabi/lib/armv7e-m\libg_nano.a(lib_a-memchr.o)
 .ARM.attributes
                0x00000784       0x2e c:/armtc/armgcc/bin/../lib/gcc/arm-none-eabi/4.9.3/../../../../arm-none-eabi/lib/armv7e-m\libg_nano.a(lib_a-memcpy.o)
 .ARM.attributes
                0x000007b2       0x2e c:/armtc/armgcc/bin/../lib/gcc/arm-none-eabi/4.9.3/../../../../arm-none-eabi/lib/armv7e-m\libg_nano.a(lib_a-memmove.o)
 .ARM.attributes
                0x000007e0       0x2e c:/armtc/armgcc/bin/../lib/gcc/arm-none-eabi/4.9.3/../../../../arm-none-eabi/lib/armv7e-m\libg_nano.a(lib_a-nano-reallocr.o)
 .ARM.attributes
                0x0000080e       0x2e c:/armtc/armgcc/bin/../lib/gcc/arm-none-eabi/4.9.3/../../../../arm-none-eabi/lib/armv7e-m\libg_nano.a(lib_a-nano-msizer.o)

.debug
 *(.debug)

.line
 *(.line)

.debug_srcinfo
 *(.debug_srcinfo)

.debug_sfnames
 *(.debug_sfnames)

.debug_aranges  0x00000000      0xc18
 *(.debug_aranges)
 .debug_aranges
                0x00000000       0xc0 ./system/src/stm32f4-hal/stm32f4xx_hal.o
 .debug_aranges
                0x000000c0       0x90 ./system/src/stm32f4-hal/stm32f4xx_hal_cortex.o
 .debug_aranges
                0x00000150       0x58 ./system/src/stm32f4-hal/stm32f4xx_hal_gpio.o
 .debug_aranges
                0x000001a8       0x88 ./system/src/stm32f4-hal/stm32f4xx_hal_rcc.o
 .debug_aranges
                0x00000230      0x150 ./system/src/stm32f4-hal/stm32f4xx_hal_spi.o
 .debug_aranges
                0x00000380      0x368 ./system/src/stm32f4-hal/stm32f4xx_hal_tim.o
 .debug_aranges
                0x000006e8      0x150 ./system/src/stm32f4-hal/stm32f4xx_hal_uart.o
 .debug_aranges
                0x00000838       0x28 ./system/src/newlib/_exit.o
 .debug_aranges
                0x00000860       0x20 ./system/src/newlib/_sbrk.o
 .debug_aranges
                0x00000880       0x40 ./system/src/newlib/_startup.o
 .debug_aranges
                0x000008c0       0x30 ./system/src/newlib/_syscalls.o
 .debug_aranges
                0x000008f0       0x28 ./system/src/newlib/assert.o
 .debug_aranges
                0x00000918       0x38 ./system/src/diag/Trace.o
 .debug_aranges
                0x00000950       0x30 ./system/src/diag/trace_impl.o
 .debug_aranges
                0x00000980       0x28 ./system/src/cortexm/_initialize_hardware.o
 .debug_aranges
                0x000009a8       0x90 ./system/src/cortexm/exception_handlers.o
 .debug_aranges
                0x00000a38       0x28 ./system/src/cmsis/system_stm32f4xx.o
 .debug_aranges
                0x00000a60       0x20 ./system/src/cmsis/vectors_stm32f4xx.o
 .debug_aranges
                0x00000a80       0x18 ./src/LCD/fonts.o
 .debug_aranges
                0x00000a98       0x78 ./src/LCD/lcd.o
 .debug_aranges
                0x00000b10       0x40 ./src/BSP/lcdBSP.o
 .debug_aranges
                0x00000b50       0x28 ./src/BSP/spi.o
 .debug_aranges
                0x00000b78       0x28 ./src/BSP/uart.o
 .debug_aranges
                0x00000ba0       0x28 ./src/_initialize_hardware.o
 .debug_aranges
                0x00000bc8       0x30 ./src/commons.o
 .debug_aranges
                0x00000bf8       0x20 ./src/main.o

.debug_pubnames
 *(.debug_pubnames)

.debug_info     0x00000000    0x101bf
 *(.debug_info .gnu.linkonce.wi.*)
 .debug_info    0x00000000      0x997 ./system/src/stm32f4-hal/stm32f4xx_hal.o
 .debug_info    0x00000997      0xe1d ./system/src/stm32f4-hal/stm32f4xx_hal_cortex.o
 .debug_info    0x000017b4      0x830 ./system/src/stm32f4-hal/stm32f4xx_hal_gpio.o
 .debug_info    0x00001fe4     0x12a7 ./system/src/stm32f4-hal/stm32f4xx_hal_rcc.o
 .debug_info    0x0000328b     0x182a ./system/src/stm32f4-hal/stm32f4xx_hal_spi.o
 .debug_info    0x00004ab5     0x42fa ./system/src/stm32f4-hal/stm32f4xx_hal_tim.o
 .debug_info    0x00008daf     0x14c9 ./system/src/stm32f4-hal/stm32f4xx_hal_uart.o
 .debug_info    0x0000a278      0x100 ./system/src/newlib/_exit.o
 .debug_info    0x0000a378      0x125 ./system/src/newlib/_sbrk.o
 .debug_info    0x0000a49d      0x50f ./system/src/newlib/_startup.o
 .debug_info    0x0000a9ac      0x1a9 ./system/src/newlib/_syscalls.o
 .debug_info    0x0000ab55      0x1b0 ./system/src/newlib/assert.o
 .debug_info    0x0000ad05      0x32b ./system/src/diag/Trace.o
 .debug_info    0x0000b030      0x304 ./system/src/diag/trace_impl.o
 .debug_info    0x0000b334       0xdf ./system/src/cortexm/_initialize_hardware.o
 .debug_info    0x0000b413      0x8e7 ./system/src/cortexm/exception_handlers.o
 .debug_info    0x0000bcfa      0x486 ./system/src/cmsis/system_stm32f4xx.o
 .debug_info    0x0000c180       0xd1 ./system/src/cmsis/vectors_stm32f4xx.o
 .debug_info    0x0000c251      0x1bc ./src/LCD/fonts.o
 .debug_info    0x0000c40d      0xac5 ./src/LCD/lcd.o
 .debug_info    0x0000ced2      0xccc ./src/BSP/lcdBSP.o
 .debug_info    0x0000db9e      0x947 ./src/BSP/spi.o
 .debug_info    0x0000e4e5      0xba8 ./src/BSP/uart.o
 .debug_info    0x0000f08d      0x4b5 ./src/_initialize_hardware.o
 .debug_info    0x0000f542      0x2a7 ./src/commons.o
 .debug_info    0x0000f7e9      0x9d6 ./src/main.o

.debug_abbrev   0x00000000     0x2c98
 *(.debug_abbrev)
 .debug_abbrev  0x00000000      0x275 ./system/src/stm32f4-hal/stm32f4xx_hal.o
 .debug_abbrev  0x00000275      0x2d7 ./system/src/stm32f4-hal/stm32f4xx_hal_cortex.o
 .debug_abbrev  0x0000054c      0x1fe ./system/src/stm32f4-hal/stm32f4xx_hal_gpio.o
 .debug_abbrev  0x0000074a      0x2c1 ./system/src/stm32f4-hal/stm32f4xx_hal_rcc.o
 .debug_abbrev  0x00000a0b      0x274 ./system/src/stm32f4-hal/stm32f4xx_hal_spi.o
 .debug_abbrev  0x00000c7f      0x252 ./system/src/stm32f4-hal/stm32f4xx_hal_tim.o
 .debug_abbrev  0x00000ed1      0x276 ./system/src/stm32f4-hal/stm32f4xx_hal_uart.o
 .debug_abbrev  0x00001147       0xa4 ./system/src/newlib/_exit.o
 .debug_abbrev  0x000011eb       0xbb ./system/src/newlib/_sbrk.o
 .debug_abbrev  0x000012a6      0x211 ./system/src/newlib/_startup.o
 .debug_abbrev  0x000014b7       0xe7 ./system/src/newlib/_syscalls.o
 .debug_abbrev  0x0000159e       0xc9 ./system/src/newlib/assert.o
 .debug_abbrev  0x00001667      0x178 ./system/src/diag/Trace.o
 .debug_abbrev  0x000017df      0x1bd ./system/src/diag/trace_impl.o
 .debug_abbrev  0x0000199c       0x88 ./system/src/cortexm/_initialize_hardware.o
 .debug_abbrev  0x00001a24      0x23e ./system/src/cortexm/exception_handlers.o
 .debug_abbrev  0x00001c62      0x104 ./system/src/cmsis/system_stm32f4xx.o
 .debug_abbrev  0x00001d66       0x9d ./system/src/cmsis/vectors_stm32f4xx.o
 .debug_abbrev  0x00001e03       0xae ./src/LCD/fonts.o
 .debug_abbrev  0x00001eb1      0x2de ./src/LCD/lcd.o
 .debug_abbrev  0x0000218f      0x223 ./src/BSP/lcdBSP.o
 .debug_abbrev  0x000023b2      0x1ce ./src/BSP/spi.o
 .debug_abbrev  0x00002580      0x1ce ./src/BSP/uart.o
 .debug_abbrev  0x0000274e      0x17e ./src/_initialize_hardware.o
 .debug_abbrev  0x000028cc      0x169 ./src/commons.o
 .debug_abbrev  0x00002a35      0x263 ./src/main.o

.debug_line     0x00000000     0xe775
 *(.debug_line)
 .debug_line    0x00000000      0x880 ./system/src/stm32f4-hal/stm32f4xx_hal.o
 .debug_line    0x00000880      0x8d1 ./system/src/stm32f4-hal/stm32f4xx_hal_cortex.o
 .debug_line    0x00001151      0x9d8 ./system/src/stm32f4-hal/stm32f4xx_hal_gpio.o
 .debug_line    0x00001b29      0xbeb ./system/src/stm32f4-hal/stm32f4xx_hal_rcc.o
 .debug_line    0x00002714      0xfde ./system/src/stm32f4-hal/stm32f4xx_hal_spi.o
 .debug_line    0x000036f2     0x33f4 ./system/src/stm32f4-hal/stm32f4xx_hal_tim.o
 .debug_line    0x00006ae6      0xf5d ./system/src/stm32f4-hal/stm32f4xx_hal_uart.o
 .debug_line    0x00007a43      0x21d ./system/src/newlib/_exit.o
 .debug_line    0x00007c60      0x1c0 ./system/src/newlib/_sbrk.o
 .debug_line    0x00007e20      0x290 ./system/src/newlib/_startup.o
 .debug_line    0x000080b0      0x2a5 ./system/src/newlib/_syscalls.o
 .debug_line    0x00008355      0x254 ./system/src/newlib/assert.o
 .debug_line    0x000085a9      0x278 ./system/src/diag/Trace.o
 .debug_line    0x00008821      0x8d0 ./system/src/diag/trace_impl.o
 .debug_line    0x000090f1      0x71a ./system/src/cortexm/_initialize_hardware.o
 .debug_line    0x0000980b      0x98a ./system/src/cortexm/exception_handlers.o
 .debug_line    0x0000a195      0x71b ./system/src/cmsis/system_stm32f4xx.o
 .debug_line    0x0000a8b0       0xdf ./system/src/cmsis/vectors_stm32f4xx.o
 .debug_line    0x0000a98f      0x6f4 ./src/LCD/fonts.o
 .debug_line    0x0000b083      0xa25 ./src/LCD/lcd.o
 .debug_line    0x0000baa8      0x786 ./src/BSP/lcdBSP.o
 .debug_line    0x0000c22e      0x726 ./src/BSP/spi.o
 .debug_line    0x0000c954      0x729 ./src/BSP/uart.o
 .debug_line    0x0000d07d      0x70f ./src/_initialize_hardware.o
 .debug_line    0x0000d78c      0x887 ./src/commons.o
 .debug_line    0x0000e013      0x762 ./src/main.o

.debug_frame    0x00000000     0x22b0
 *(.debug_frame)
 .debug_frame   0x00000000      0x188 ./system/src/stm32f4-hal/stm32f4xx_hal.o
 .debug_frame   0x00000188      0x164 ./system/src/stm32f4-hal/stm32f4xx_hal_cortex.o
 .debug_frame   0x000002ec       0xf4 ./system/src/stm32f4-hal/stm32f4xx_hal_gpio.o
 .debug_frame   0x000003e0      0x13c ./system/src/stm32f4-hal/stm32f4xx_hal_rcc.o
 .debug_frame   0x0000051c      0x3e8 ./system/src/stm32f4-hal/stm32f4xx_hal_spi.o
 .debug_frame   0x00000904      0xa88 ./system/src/stm32f4-hal/stm32f4xx_hal_tim.o
 .debug_frame   0x0000138c      0x390 ./system/src/stm32f4-hal/stm32f4xx_hal_uart.o
 .debug_frame   0x0000171c       0x38 ./system/src/newlib/_exit.o
 .debug_frame   0x00001754       0x28 ./system/src/newlib/_sbrk.o
 .debug_frame   0x0000177c       0x7c ./system/src/newlib/_startup.o
 .debug_frame   0x000017f8       0x50 ./system/src/newlib/_syscalls.o
 .debug_frame   0x00001848       0x40 ./system/src/newlib/assert.o
 .debug_frame   0x00001888       0x94 ./system/src/diag/Trace.o
 .debug_frame   0x0000191c       0x60 ./system/src/diag/trace_impl.o
 .debug_frame   0x0000197c       0x40 ./system/src/cortexm/_initialize_hardware.o
 .debug_frame   0x000019bc      0x158 ./system/src/cortexm/exception_handlers.o
 .debug_frame   0x00001b14       0x30 ./system/src/cmsis/system_stm32f4xx.o
 .debug_frame   0x00001b44       0x20 ./system/src/cmsis/vectors_stm32f4xx.o
 .debug_frame   0x00001b64      0x1a0 ./src/LCD/lcd.o
 .debug_frame   0x00001d04       0x98 ./src/BSP/lcdBSP.o
 .debug_frame   0x00001d9c       0x4c ./src/BSP/spi.o
 .debug_frame   0x00001de8       0x4c ./src/BSP/uart.o
 .debug_frame   0x00001e34       0x48 ./src/_initialize_hardware.o
 .debug_frame   0x00001e7c       0x58 ./src/commons.o
 .debug_frame   0x00001ed4       0x2c ./src/main.o
 .debug_frame   0x00001f00       0x20 c:/armtc/armgcc/bin/../lib/gcc/arm-none-eabi/4.9.3/../../../../arm-none-eabi/lib/armv7e-m\libg_nano.a(lib_a-errno.o)
 .debug_frame   0x00001f20       0x44 c:/armtc/armgcc/bin/../lib/gcc/arm-none-eabi/4.9.3/../../../../arm-none-eabi/lib/armv7e-m\libg_nano.a(lib_a-rand.o)
 .debug_frame   0x00001f64       0x70 c:/armtc/armgcc/bin/../lib/gcc/arm-none-eabi/4.9.3/../../../../arm-none-eabi/lib/armv7e-m\libg_nano.a(lib_a-sprintf.o)
 .debug_frame   0x00001fd4       0x20 c:/armtc/armgcc/bin/../lib/gcc/arm-none-eabi/4.9.3/../../../../arm-none-eabi/lib/armv7e-m\libg_nano.a(lib_a-strlen.o)
 .debug_frame   0x00001ff4       0x50 c:/armtc/armgcc/bin/../lib/gcc/arm-none-eabi/4.9.3/../../../../arm-none-eabi/lib/armv7e-m\libg_nano.a(lib_a-vsnprintf.o)
 .debug_frame   0x00002044       0x30 c:/armtc/armgcc/bin/../lib/gcc/arm-none-eabi/4.9.3/../../../../arm-none-eabi/lib/armv7e-m\libg_nano.a(lib_a-malloc.o)
 .debug_frame   0x00002074       0x2c c:/armtc/armgcc/bin/../lib/gcc/arm-none-eabi/4.9.3/../../../../arm-none-eabi/lib/armv7e-m\libg_nano.a(lib_a-nano-freer.o)
 .debug_frame   0x000020a0       0x2c c:/armtc/armgcc/bin/../lib/gcc/arm-none-eabi/4.9.3/../../../../arm-none-eabi/lib/armv7e-m\libg_nano.a(lib_a-nano-mallocr.o)
 .debug_frame   0x000020cc       0x8c c:/armtc/armgcc/bin/../lib/gcc/arm-none-eabi/4.9.3/../../../../arm-none-eabi/lib/armv7e-m\libg_nano.a(lib_a-nano-svfprintf.o)
 .debug_frame   0x00002158       0x58 c:/armtc/armgcc/bin/../lib/gcc/arm-none-eabi/4.9.3/../../../../arm-none-eabi/lib/armv7e-m\libg_nano.a(lib_a-nano-vfprintf_i.o)
 .debug_frame   0x000021b0       0x2c c:/armtc/armgcc/bin/../lib/gcc/arm-none-eabi/4.9.3/../../../../arm-none-eabi/lib/armv7e-m\libg_nano.a(lib_a-sbrkr.o)
 .debug_frame   0x000021dc       0x28 c:/armtc/armgcc/bin/../lib/gcc/arm-none-eabi/4.9.3/../../../../arm-none-eabi/lib/armv7e-m\libg_nano.a(lib_a-memchr.o)
 .debug_frame   0x00002204       0x28 c:/armtc/armgcc/bin/../lib/gcc/arm-none-eabi/4.9.3/../../../../arm-none-eabi/lib/armv7e-m\libg_nano.a(lib_a-memcpy.o)
 .debug_frame   0x0000222c       0x28 c:/armtc/armgcc/bin/../lib/gcc/arm-none-eabi/4.9.3/../../../../arm-none-eabi/lib/armv7e-m\libg_nano.a(lib_a-memmove.o)
 .debug_frame   0x00002254       0x3c c:/armtc/armgcc/bin/../lib/gcc/arm-none-eabi/4.9.3/../../../../arm-none-eabi/lib/armv7e-m\libg_nano.a(lib_a-nano-reallocr.o)
 .debug_frame   0x00002290       0x20 c:/armtc/armgcc/bin/../lib/gcc/arm-none-eabi/4.9.3/../../../../arm-none-eabi/lib/armv7e-m\libg_nano.a(lib_a-nano-msizer.o)

.debug_str      0x00000000    0x9b590
 *(.debug_str)
 .debug_str     0x00000000    0x924d3 ./system/src/stm32f4-hal/stm32f4xx_hal.o
                              0x927c7 (size before relaxing)
 .debug_str     0x000924d3      0x2a3 ./system/src/stm32f4-hal/stm32f4xx_hal_cortex.o
                              0x92523 (size before relaxing)
 .debug_str     0x00092776      0x2bb ./system/src/stm32f4-hal/stm32f4xx_hal_gpio.o
                              0x92036 (size before relaxing)
 .debug_str     0x00092a31      0x41f ./system/src/stm32f4-hal/stm32f4xx_hal_rcc.o
                              0x9226d (size before relaxing)
 .debug_str     0x00092e50      0x7c8 ./system/src/stm32f4-hal/stm32f4xx_hal_spi.o
                              0x92492 (size before relaxing)
 .debug_str     0x00093618      0xe82 ./system/src/stm32f4-hal/stm32f4xx_hal_tim.o
                              0x92e30 (size before relaxing)
 .debug_str     0x0009449a      0x4b4 ./system/src/stm32f4-hal/stm32f4xx_hal_uart.o
                              0x9249f (size before relaxing)
 .debug_str     0x0009494e     0x37ae ./system/src/newlib/_exit.o
                               0x5e0c (size before relaxing)
 .debug_str     0x000980fc      0x4de ./system/src/newlib/_sbrk.o
                               0x457e (size before relaxing)
 .debug_str     0x000985da      0x2cc ./system/src/newlib/_startup.o
                               0x41ba (size before relaxing)
 .debug_str     0x000988a6      0xc2d ./system/src/newlib/_syscalls.o
                               0x6031 (size before relaxing)
 .debug_str     0x000994d3       0xd5 ./system/src/newlib/assert.o
                               0x6911 (size before relaxing)
 .debug_str     0x000995a8      0x9ac ./system/src/diag/Trace.o
                               0x671d (size before relaxing)
 .debug_str     0x00099f54      0x372 ./system/src/diag/trace_impl.o
                              0x94a8b (size before relaxing)
 .debug_str     0x0009a2c6       0x4e ./system/src/cortexm/_initialize_hardware.o
                              0x91c75 (size before relaxing)
 .debug_str     0x0009a314      0x19d ./system/src/cortexm/exception_handlers.o
                              0x9581c (size before relaxing)
 .debug_str     0x0009a4b1       0x46 ./system/src/cmsis/system_stm32f4xx.o
                              0x91dd3 (size before relaxing)
 .debug_str     0x0009a4f7       0x57 ./system/src/cmsis/vectors_stm32f4xx.o
                               0x3072 (size before relaxing)
 .debug_str     0x0009a54e       0xa7 ./src/LCD/fonts.o
                              0x91c9d (size before relaxing)
 .debug_str     0x0009a5f5      0xdbd ./src/LCD/lcd.o
                              0x941c0 (size before relaxing)
 .debug_str     0x0009b3b2       0xdc ./src/BSP/lcdBSP.o
                              0x925fc (size before relaxing)
 .debug_str     0x0009b48e       0x17 ./src/BSP/spi.o
                              0x9226e (size before relaxing)
 .debug_str     0x0009b4a5       0x39 ./src/BSP/uart.o
                              0x9276f (size before relaxing)
 .debug_str     0x0009b4de       0x35 ./src/_initialize_hardware.o
                              0x91ed0 (size before relaxing)
 .debug_str     0x0009b513       0x64 ./src/commons.o
                              0x94e2d (size before relaxing)
 .debug_str     0x0009b577       0x19 ./src/main.o
                              0x92375 (size before relaxing)

.debug_loc      0x00000000     0x6e26
 *(.debug_loc)
 .debug_loc     0x00000000       0xb6 ./system/src/stm32f4-hal/stm32f4xx_hal.o
 .debug_loc     0x000000b6      0x5ef ./system/src/stm32f4-hal/stm32f4xx_hal_cortex.o
 .debug_loc     0x000006a5      0x45e ./system/src/stm32f4-hal/stm32f4xx_hal_gpio.o
 .debug_loc     0x00000b03      0x7c8 ./system/src/stm32f4-hal/stm32f4xx_hal_rcc.o
 .debug_loc     0x000012cb      0xf94 ./system/src/stm32f4-hal/stm32f4xx_hal_spi.o
 .debug_loc     0x0000225f     0x273f ./system/src/stm32f4-hal/stm32f4xx_hal_tim.o
 .debug_loc     0x0000499e      0xfd9 ./system/src/stm32f4-hal/stm32f4xx_hal_uart.o
 .debug_loc     0x00005977       0x82 ./system/src/newlib/_sbrk.o
 .debug_loc     0x000059f9      0x36e ./system/src/newlib/_startup.o
 .debug_loc     0x00005d67       0x63 ./system/src/newlib/_syscalls.o
 .debug_loc     0x00005dca       0xec ./system/src/newlib/assert.o
 .debug_loc     0x00005eb6       0xf7 ./system/src/diag/Trace.o
 .debug_loc     0x00005fad      0x17c ./system/src/diag/trace_impl.o
 .debug_loc     0x00006129      0x2a8 ./system/src/cortexm/exception_handlers.o
 .debug_loc     0x000063d1      0x137 ./system/src/cmsis/system_stm32f4xx.o
 .debug_loc     0x00006508      0x677 ./src/LCD/lcd.o
 .debug_loc     0x00006b7f       0x84 ./src/BSP/lcdBSP.o
 .debug_loc     0x00006c03       0x37 ./src/BSP/spi.o
 .debug_loc     0x00006c3a       0x37 ./src/BSP/uart.o
 .debug_loc     0x00006c71      0x11a ./src/commons.o
 .debug_loc     0x00006d8b       0x9b ./src/main.o

.debug_macinfo
 *(.debug_macinfo)

.debug_weaknames
 *(.debug_weaknames)

.debug_funcnames
 *(.debug_funcnames)

.debug_typenames
 *(.debug_typenames)

.debug_varnames
 *(.debug_varnames)
OUTPUT(FireAlarm.elf elf32-littlearm)

.debug_ranges   0x00000000      0xaa0
 .debug_ranges  0x00000000       0xb0 ./system/src/stm32f4-hal/stm32f4xx_hal.o
 .debug_ranges  0x000000b0       0x80 ./system/src/stm32f4-hal/stm32f4xx_hal_cortex.o
 .debug_ranges  0x00000130       0x48 ./system/src/stm32f4-hal/stm32f4xx_hal_gpio.o
 .debug_ranges  0x00000178       0x78 ./system/src/stm32f4-hal/stm32f4xx_hal_rcc.o
 .debug_ranges  0x000001f0      0x140 ./system/src/stm32f4-hal/stm32f4xx_hal_spi.o
 .debug_ranges  0x00000330      0x358 ./system/src/stm32f4-hal/stm32f4xx_hal_tim.o
 .debug_ranges  0x00000688      0x140 ./system/src/stm32f4-hal/stm32f4xx_hal_uart.o
 .debug_ranges  0x000007c8       0x18 ./system/src/newlib/_exit.o
 .debug_ranges  0x000007e0       0x10 ./system/src/newlib/_sbrk.o
 .debug_ranges  0x000007f0       0x30 ./system/src/newlib/_startup.o
 .debug_ranges  0x00000820       0x20 ./system/src/newlib/_syscalls.o
 .debug_ranges  0x00000840       0x18 ./system/src/newlib/assert.o
 .debug_ranges  0x00000858       0x28 ./system/src/diag/Trace.o
 .debug_ranges  0x00000880       0x38 ./system/src/diag/trace_impl.o
 .debug_ranges  0x000008b8       0x18 ./system/src/cortexm/_initialize_hardware.o
 .debug_ranges  0x000008d0       0x98 ./system/src/cortexm/exception_handlers.o
 .debug_ranges  0x00000968       0x18 ./system/src/cmsis/system_stm32f4xx.o
 .debug_ranges  0x00000980       0x10 ./system/src/cmsis/vectors_stm32f4xx.o
 .debug_ranges  0x00000990       0x68 ./src/LCD/lcd.o
 .debug_ranges  0x000009f8       0x30 ./src/BSP/lcdBSP.o
 .debug_ranges  0x00000a28       0x18 ./src/BSP/spi.o
 .debug_ranges  0x00000a40       0x18 ./src/BSP/uart.o
 .debug_ranges  0x00000a58       0x18 ./src/_initialize_hardware.o
 .debug_ranges  0x00000a70       0x20 ./src/commons.o
 .debug_ranges  0x00000a90       0x10 ./src/main.o

.debug_macro    0x00000000    0x1a4dd
 .debug_macro   0x00000000      0x36e ./system/src/stm32f4-hal/stm32f4xx_hal.o
 .debug_macro   0x0000036e      0x898 ./system/src/stm32f4-hal/stm32f4xx_hal.o
 .debug_macro   0x00000c06      0x250 ./system/src/stm32f4-hal/stm32f4xx_hal.o
 .debug_macro   0x00000e56       0x2e ./system/src/stm32f4-hal/stm32f4xx_hal.o
 .debug_macro   0x00000e84       0x28 ./system/src/stm32f4-hal/stm32f4xx_hal.o
 .debug_macro   0x00000eac       0x3b ./system/src/stm32f4-hal/stm32f4xx_hal.o
 .debug_macro   0x00000ee7      0x34e ./system/src/stm32f4-hal/stm32f4xx_hal.o
 .debug_macro   0x00001235       0x2d ./system/src/stm32f4-hal/stm32f4xx_hal.o
 .debug_macro   0x00001262       0x26 ./system/src/stm32f4-hal/stm32f4xx_hal.o
 .debug_macro   0x00001288      0xd39 ./system/src/stm32f4-hal/stm32f4xx_hal.o
 .debug_macro   0x00001fc1     0x9201 ./system/src/stm32f4-hal/stm32f4xx_hal.o
 .debug_macro   0x0000b1c2       0x43 ./system/src/stm32f4-hal/stm32f4xx_hal.o
 .debug_macro   0x0000b205     0x2694 ./system/src/stm32f4-hal/stm32f4xx_hal.o
 .debug_macro   0x0000d899       0x64 ./system/src/stm32f4-hal/stm32f4xx_hal.o
 .debug_macro   0x0000d8fd      0xa22 ./system/src/stm32f4-hal/stm32f4xx_hal.o
 .debug_macro   0x0000e31f      0x40f ./system/src/stm32f4-hal/stm32f4xx_hal.o
 .debug_macro   0x0000e72e      0x15b ./system/src/stm32f4-hal/stm32f4xx_hal.o
 .debug_macro   0x0000e889      0x11e ./system/src/stm32f4-hal/stm32f4xx_hal.o
 .debug_macro   0x0000e9a7      0x13e ./system/src/stm32f4-hal/stm32f4xx_hal.o
 .debug_macro   0x0000eae5       0x27 ./system/src/stm32f4-hal/stm32f4xx_hal.o
 .debug_macro   0x0000eb0c      0x272 ./system/src/stm32f4-hal/stm32f4xx_hal.o
 .debug_macro   0x0000ed7e       0x5f ./system/src/stm32f4-hal/stm32f4xx_hal.o
 .debug_macro   0x0000eddd       0x5d ./system/src/stm32f4-hal/stm32f4xx_hal.o
 .debug_macro   0x0000ee3a      0x313 ./system/src/stm32f4-hal/stm32f4xx_hal.o
 .debug_macro   0x0000f14d      0x154 ./system/src/stm32f4-hal/stm32f4xx_hal.o
 .debug_macro   0x0000f2a1       0xcf ./system/src/stm32f4-hal/stm32f4xx_hal.o
 .debug_macro   0x0000f370      0x360 ./system/src/stm32f4-hal/stm32f4xx_hal.o
 .debug_macro   0x0000f6d0       0x23 ./system/src/stm32f4-hal/stm32f4xx_hal.o
 .debug_macro   0x0000f6f3       0xdf ./system/src/stm32f4-hal/stm32f4xx_hal.o
 .debug_macro   0x0000f7d2       0xcd ./system/src/stm32f4-hal/stm32f4xx_hal.o
 .debug_macro   0x0000f89f       0x3c ./system/src/stm32f4-hal/stm32f4xx_hal.o
 .debug_macro   0x0000f8db      0x1b5 ./system/src/stm32f4-hal/stm32f4xx_hal.o
 .debug_macro   0x0000fa90      0xda8 ./system/src/stm32f4-hal/stm32f4xx_hal.o
 .debug_macro   0x00010838      0x133 ./system/src/stm32f4-hal/stm32f4xx_hal.o
 .debug_macro   0x0001096b      0x217 ./system/src/stm32f4-hal/stm32f4xx_hal.o
 .debug_macro   0x00010b82       0x2e ./system/src/stm32f4-hal/stm32f4xx_hal.o
 .debug_macro   0x00010bb0      0x4ef ./system/src/stm32f4-hal/stm32f4xx_hal.o
 .debug_macro   0x0001109f       0x88 ./system/src/stm32f4-hal/stm32f4xx_hal.o
 .debug_macro   0x00011127       0xd5 ./system/src/stm32f4-hal/stm32f4xx_hal.o
 .debug_macro   0x000111fc      0x17c ./system/src/stm32f4-hal/stm32f4xx_hal.o
 .debug_macro   0x00011378      0x17d ./system/src/stm32f4-hal/stm32f4xx_hal.o
 .debug_macro   0x000114f5       0x9e ./system/src/stm32f4-hal/stm32f4xx_hal.o
 .debug_macro   0x00011593      0x199 ./system/src/stm32f4-hal/stm32f4xx_hal.o
 .debug_macro   0x0001172c       0x43 ./system/src/stm32f4-hal/stm32f4xx_hal.o
 .debug_macro   0x0001176f       0x97 ./system/src/stm32f4-hal/stm32f4xx_hal.o
 .debug_macro   0x00011806      0x13a ./system/src/stm32f4-hal/stm32f4xx_hal.o
 .debug_macro   0x00011940       0x5e ./system/src/stm32f4-hal/stm32f4xx_hal.o
 .debug_macro   0x0001199e       0x97 ./system/src/stm32f4-hal/stm32f4xx_hal.o
 .debug_macro   0x00011a35       0x7c ./system/src/stm32f4-hal/stm32f4xx_hal.o
 .debug_macro   0x00011ab1      0x31a ./system/src/stm32f4-hal/stm32f4xx_hal.o
 .debug_macro   0x00011dcb      0x409 ./system/src/stm32f4-hal/stm32f4xx_hal.o
 .debug_macro   0x000121d4       0xe4 ./system/src/stm32f4-hal/stm32f4xx_hal.o
 .debug_macro   0x000122b8      0x48d ./system/src/stm32f4-hal/stm32f4xx_hal.o
 .debug_macro   0x00012745      0x22b ./system/src/stm32f4-hal/stm32f4xx_hal.o
 .debug_macro   0x00012970      0x202 ./system/src/stm32f4-hal/stm32f4xx_hal.o
 .debug_macro   0x00012b72      0x6d9 ./system/src/stm32f4-hal/stm32f4xx_hal.o
 .debug_macro   0x0001324b       0x59 ./system/src/stm32f4-hal/stm32f4xx_hal.o
 .debug_macro   0x000132a4      0x14d ./system/src/stm32f4-hal/stm32f4xx_hal.o
 .debug_macro   0x000133f1      0x287 ./system/src/stm32f4-hal/stm32f4xx_hal.o
 .debug_macro   0x00013678      0x225 ./system/src/stm32f4-hal/stm32f4xx_hal.o
 .debug_macro   0x0001389d      0x1b5 ./system/src/stm32f4-hal/stm32f4xx_hal.o
 .debug_macro   0x00013a52      0x2f7 ./system/src/stm32f4-hal/stm32f4xx_hal.o
 .debug_macro   0x00013d49       0x94 ./system/src/stm32f4-hal/stm32f4xx_hal.o
 .debug_macro   0x00013ddd      0x1df ./system/src/stm32f4-hal/stm32f4xx_hal.o
 .debug_macro   0x00013fbc      0x109 ./system/src/stm32f4-hal/stm32f4xx_hal.o
 .debug_macro   0x000140c5       0x75 ./system/src/stm32f4-hal/stm32f4xx_hal.o
 .debug_macro   0x0001413a      0x126 ./system/src/stm32f4-hal/stm32f4xx_hal.o
 .debug_macro   0x00014260      0x320 ./system/src/stm32f4-hal/stm32f4xx_hal_cortex.o
 .debug_macro   0x00014580      0x358 ./system/src/stm32f4-hal/stm32f4xx_hal_gpio.o
 .debug_macro   0x000148d8      0x362 ./system/src/stm32f4-hal/stm32f4xx_hal_rcc.o
 .debug_macro   0x00014c3a      0x326 ./system/src/stm32f4-hal/stm32f4xx_hal_spi.o
 .debug_macro   0x00014f60      0x321 ./system/src/stm32f4-hal/stm32f4xx_hal_tim.o
 .debug_macro   0x00015281      0x328 ./system/src/stm32f4-hal/stm32f4xx_hal_uart.o
 .debug_macro   0x000155a9      0x128 ./system/src/newlib/_exit.o
 .debug_macro   0x000156d1       0x9c ./system/src/newlib/_exit.o
 .debug_macro   0x0001576d      0x10e ./system/src/newlib/_exit.o
 .debug_macro   0x0001587b       0x86 ./system/src/newlib/_exit.o
 .debug_macro   0x00015901       0x43 ./system/src/newlib/_exit.o
 .debug_macro   0x00015944      0x27a ./system/src/newlib/_exit.o
 .debug_macro   0x00015bbe       0x35 ./system/src/newlib/_exit.o
 .debug_macro   0x00015bf3       0xd1 ./system/src/newlib/_sbrk.o
 .debug_macro   0x00015cc4       0x19 ./system/src/newlib/_sbrk.o
 .debug_macro   0x00015cdd      0x16d ./system/src/newlib/_sbrk.o
 .debug_macro   0x00015e4a       0x10 ./system/src/newlib/_sbrk.o
 .debug_macro   0x00015e5a      0x23b ./system/src/newlib/_sbrk.o
 .debug_macro   0x00016095       0xdb ./system/src/newlib/_startup.o
 .debug_macro   0x00016170      0x89e ./system/src/newlib/_startup.o
 .debug_macro   0x00016a0e      0x17c ./system/src/newlib/_syscalls.o
 .debug_macro   0x00016b8a       0x1c ./system/src/newlib/_syscalls.o
 .debug_macro   0x00016ba6       0x10 ./system/src/newlib/_syscalls.o
 .debug_macro   0x00016bb6       0x10 ./system/src/newlib/_syscalls.o
 .debug_macro   0x00016bc6       0x10 ./system/src/newlib/_syscalls.o
 .debug_macro   0x00016bd6       0x35 ./system/src/newlib/_syscalls.o
 .debug_macro   0x00016c0b      0x121 ./system/src/newlib/_syscalls.o
 .debug_macro   0x00016d2c       0x22 ./system/src/newlib/_syscalls.o
 .debug_macro   0x00016d4e       0x2b ./system/src/newlib/_syscalls.o
 .debug_macro   0x00016d79      0x118 ./system/src/newlib/_syscalls.o
 .debug_macro   0x00016e91      0x13e ./system/src/newlib/_syscalls.o
 .debug_macro   0x00016fcf       0x16 ./system/src/newlib/_syscalls.o
 .debug_macro   0x00016fe5      0x144 ./system/src/newlib/assert.o
 .debug_macro   0x00017129       0x1c ./system/src/newlib/assert.o
 .debug_macro   0x00017145      0x14f ./system/src/diag/Trace.o
 .debug_macro   0x00017294       0x16 ./system/src/diag/Trace.o
 .debug_macro   0x000172aa       0x97 ./system/src/diag/Trace.o
 .debug_macro   0x00017341       0xf6 ./system/src/diag/Trace.o
 .debug_macro   0x00017437       0x10 ./system/src/diag/Trace.o
 .debug_macro   0x00017447       0x16 ./system/src/diag/Trace.o
 .debug_macro   0x0001745d      0x196 ./system/src/diag/Trace.o
 .debug_macro   0x000175f3       0x52 ./system/src/diag/Trace.o
 .debug_macro   0x00017645       0x16 ./system/src/diag/Trace.o
 .debug_macro   0x0001765b      0x414 ./system/src/diag/trace_impl.o
 .debug_macro   0x00017a6f       0x10 ./system/src/diag/trace_impl.o
 .debug_macro   0x00017a7f       0xc8 ./system/src/diag/trace_impl.o
 .debug_macro   0x00017b47       0xbe ./system/src/diag/trace_impl.o
 .debug_macro   0x00017c05       0x22 ./system/src/diag/trace_impl.o
 .debug_macro   0x00017c27      0x32a ./system/src/cortexm/_initialize_hardware.o
 .debug_macro   0x00017f51      0x44f ./system/src/cortexm/exception_handlers.o
 .debug_macro   0x000183a0       0x10 ./system/src/cortexm/exception_handlers.o
 .debug_macro   0x000183b0      0x326 ./system/src/cmsis/system_stm32f4xx.o
 .debug_macro   0x000186d6       0x34 ./system/src/cmsis/vectors_stm32f4xx.o
 .debug_macro   0x0001870a      0x32d ./src/LCD/fonts.o
 .debug_macro   0x00018a37      0x3ef ./src/LCD/lcd.o
 .debug_macro   0x00018e26       0xac ./src/LCD/lcd.o
 .debug_macro   0x00018ed2      0x1e1 ./src/LCD/lcd.o
 .debug_macro   0x000190b3      0x34e ./src/BSP/lcdBSP.o
 .debug_macro   0x00019401      0x32d ./src/BSP/spi.o
 .debug_macro   0x0001972e      0x32d ./src/BSP/uart.o
 .debug_macro   0x00019a5b      0x320 ./src/_initialize_hardware.o
 .debug_macro   0x00019d7b      0x42d ./src/commons.o
 .debug_macro   0x0001a1a8      0x335 ./src/main.o
